// Jest Snapshot v1, https://goo.gl/fbAQLP

exports[`should render home page 1`] = `
<div
  style={
    Object {
      "backgroundColor": "#fefefe",
      "height": "100%",
    }
  }
>
  <Navbar />
  <HomeHeader />
  <HomeContent />
  <div />
</div>
`;
